
> client@1.0.0 build
> vite build

[36mvite v6.4.1 [32mbuilding for production...[36m[39m
transforming...
[32mΓ£ô[39m 1663 modules transformed.
rendering chunks...
computing gzip size...
[2mdist/[22m[32mindex.html                           [39m[1m[2m    1.96 kB[22m[1m[22m[2m Γöé gzip:   0.93 kB[22m
[2mdist/[22m[32massets/singlebgremove-Btz4PHiT.png   [39m[1m[2m  153.17 kB[22m[1m[22m
[2mdist/[22m[32massets/bottleechoclate-CiTs7Ady.jpg  [39m[1m[2m  169.47 kB[22m[1m[22m
[2mdist/[22m[32massets/6packchoclate--HwIc4JE.jpg    [39m[1m[2m  190.57 kB[22m[1m[22m
[2mdist/[22m[32massets/vanillachoclate-CKhk1bhG.jpg  [39m[1m[2m  195.10 kB[22m[1m[22m
[2mdist/[22m[32massets/vanilla6pack-BjV0XRu3.png     [39m[1m[2m5,036.56 kB[22m[1m[22m
[2mdist/[22m[32massets/man-BiAWHGLq.png              [39m[1m[2m5,336.72 kB[22m[1m[22m
[2mdist/[22m[35massets/index-CXW06I6e.css            [39m[1m[2m  101.34 kB[22m[1m[22m[2m Γöé gzip:  16.85 kB[22m
[2mdist/[22m[36massets/index--TXZEpxG.js             [39m[1m[2m  688.11 kB[22m[1m[22m[2m Γöé gzip: 182.58 kB[22m
[32mΓ£ô built in 8.75s[39m
